Archive member included because of file (symbol)

e:/winavr/bin/../lib/gcc/avr/4.3.3/avr5\libgcc.a(_exit.o)
                              e:/winavr/bin/../lib/gcc/avr/4.3.3/../../../../avr/lib/avr5/crtm32.o (exit)
e:/winavr/bin/../lib/gcc/avr/4.3.3/avr5\libgcc.a(_copy_data.o)
                              ./MCAL/USART/USART_Program.o (__do_copy_data)
e:/winavr/bin/../lib/gcc/avr/4.3.3/avr5\libgcc.a(_clear_bss.o)
                              ./MCAL/USART/USART_Program.o (__do_clear_bss)
e:/winavr/bin/../lib/gcc/avr/4.3.3/avr5\libgcc.a(_ashldi3.o)
                              ./HAL/LCD/LCD_Program.o (__ashldi3)
e:/winavr/bin/../lib/gcc/avr/4.3.3/avr5\libgcc.a(_fixunssfsi.o)
                              ./HAL/LM35/LM35_Program.o (__fixunssfsi)
e:/winavr/bin/../lib/gcc/avr/4.3.3/avr5\libgcc.a(_divdi3.o)
                              ./HAL/LCD/LCD_Program.o (__divdi3)
e:/winavr/bin/../lib/gcc/avr/4.3.3/avr5\libgcc.a(_moddi3.o)
                              ./HAL/LCD/LCD_Program.o (__moddi3)
e:/winavr/bin/../lib/gcc/avr/4.3.3/avr5\libgcc.a(_udivdi3.o)
                              ./HAL/LCD/LCD_Program.o (__udivdi3)
e:/winavr/bin/../lib/gcc/avr/4.3.3/avr5\libgcc.a(_umoddi3.o)
                              ./HAL/LCD/LCD_Program.o (__umoddi3)
e:/winavr/bin/../lib/gcc/avr/4.3.3/avr5\libgcc.a(_addsub_sf.o)
                              e:/winavr/bin/../lib/gcc/avr/4.3.3/avr5\libgcc.a(_fixunssfsi.o) (__subsf3)
e:/winavr/bin/../lib/gcc/avr/4.3.3/avr5\libgcc.a(_mul_sf.o)
                              ./HAL/LM35/LM35_Program.o (__mulsf3)
e:/winavr/bin/../lib/gcc/avr/4.3.3/avr5\libgcc.a(_ge_sf.o)
                              e:/winavr/bin/../lib/gcc/avr/4.3.3/avr5\libgcc.a(_fixunssfsi.o) (__gesf2)
e:/winavr/bin/../lib/gcc/avr/4.3.3/avr5\libgcc.a(_sf_to_si.o)
                              e:/winavr/bin/../lib/gcc/avr/4.3.3/avr5\libgcc.a(_fixunssfsi.o) (__fixsfsi)
e:/winavr/bin/../lib/gcc/avr/4.3.3/avr5\libgcc.a(_thenan_sf.o)
                              e:/winavr/bin/../lib/gcc/avr/4.3.3/avr5\libgcc.a(_addsub_sf.o) (__thenan_sf)
e:/winavr/bin/../lib/gcc/avr/4.3.3/avr5\libgcc.a(_usi_to_sf.o)
                              ./HAL/LM35/LM35_Program.o (__floatunsisf)
e:/winavr/bin/../lib/gcc/avr/4.3.3/avr5\libgcc.a(_mulsi3.o)
                              e:/winavr/bin/../lib/gcc/avr/4.3.3/avr5\libgcc.a(_divdi3.o) (__mulsi3)
e:/winavr/bin/../lib/gcc/avr/4.3.3/avr5\libgcc.a(_udivmodsi4.o)
                              e:/winavr/bin/../lib/gcc/avr/4.3.3/avr5\libgcc.a(_divdi3.o) (__udivmodsi4)
e:/winavr/bin/../lib/gcc/avr/4.3.3/avr5\libgcc.a(_prologue.o)
                              e:/winavr/bin/../lib/gcc/avr/4.3.3/avr5\libgcc.a(_divdi3.o) (__prologue_saves__)
e:/winavr/bin/../lib/gcc/avr/4.3.3/avr5\libgcc.a(_epilogue.o)
                              e:/winavr/bin/../lib/gcc/avr/4.3.3/avr5\libgcc.a(_divdi3.o) (__epilogue_restores__)
e:/winavr/bin/../lib/gcc/avr/4.3.3/avr5\libgcc.a(_clz.o)
                              e:/winavr/bin/../lib/gcc/avr/4.3.3/avr5\libgcc.a(_divdi3.o) (__clz_tab)
e:/winavr/bin/../lib/gcc/avr/4.3.3/avr5\libgcc.a(_clzsi2.o)
                              e:/winavr/bin/../lib/gcc/avr/4.3.3/avr5\libgcc.a(_usi_to_sf.o) (__clzsi2)
e:/winavr/bin/../lib/gcc/avr/4.3.3/avr5\libgcc.a(_pack_sf.o)
                              e:/winavr/bin/../lib/gcc/avr/4.3.3/avr5\libgcc.a(_addsub_sf.o) (__pack_f)
e:/winavr/bin/../lib/gcc/avr/4.3.3/avr5\libgcc.a(_unpack_sf.o)
                              e:/winavr/bin/../lib/gcc/avr/4.3.3/avr5\libgcc.a(_addsub_sf.o) (__unpack_f)
e:/winavr/bin/../lib/gcc/avr/4.3.3/avr5\libgcc.a(_fpcmp_parts_sf.o)
                              e:/winavr/bin/../lib/gcc/avr/4.3.3/avr5\libgcc.a(_ge_sf.o) (__fpcmp_parts_f)

Memory Configuration

Name             Origin             Length             Attributes
text             0x00000000         0x00020000         xr
data             0x00800060         0x0000ffa0         rw !x
eeprom           0x00810000         0x00010000         rw !x
fuse             0x00820000         0x00000400         rw !x
lock             0x00830000         0x00000400         rw !x
signature        0x00840000         0x00000400         rw !x
*default*        0x00000000         0xffffffff

Linker script and memory map

LOAD e:/winavr/bin/../lib/gcc/avr/4.3.3/../../../../avr/lib/avr5/crtm32.o
LOAD ./MCAL/USART/USART_Program.o
LOAD ./MCAL/TWI/TWI_Program.o
LOAD ./MCAL/TIMERS/TIMERS_Program.o
LOAD ./MCAL/SPI/SPI_Program.o
LOAD ./MCAL/GIE/GIE_Program.o
LOAD ./MCAL/EXTI/EXTI_Program.o
LOAD ./MCAL/DIO/DIO_Program.o
LOAD ./MCAL/ADC/ADC_Program.o
LOAD ./HAL/LM35/LM35_Program.o
LOAD ./HAL/LCD/LCD_Program.o
LOAD ./HAL/KPD/KPD_Program.o
LOAD ./HAL/EEPROM/EEPROM_Program.o
LOAD ./HAL/DC_FAN/DC_FAN_Program.o
LOAD ./main.o
LOAD e:/winavr/bin/../lib/gcc/avr/4.3.3/avr5\libgcc.a
LOAD e:/winavr/bin/../lib/gcc/avr/4.3.3/../../../../avr/lib/avr5\libc.a
LOAD e:/winavr/bin/../lib/gcc/avr/4.3.3/avr5\libgcc.a

.hash
 *(.hash)

.dynsym
 *(.dynsym)

.dynstr
 *(.dynstr)

.gnu.version
 *(.gnu.version)

.gnu.version_d
 *(.gnu.version_d)

.gnu.version_r
 *(.gnu.version_r)

.rel.init
 *(.rel.init)

.rela.init
 *(.rela.init)

.rel.text
 *(.rel.text)
 *(.rel.text.*)
 *(.rel.gnu.linkonce.t*)

.rela.text
 *(.rela.text)
 *(.rela.text.*)
 *(.rela.gnu.linkonce.t*)

.rel.fini
 *(.rel.fini)

.rela.fini
 *(.rela.fini)

.rel.rodata
 *(.rel.rodata)
 *(.rel.rodata.*)
 *(.rel.gnu.linkonce.r*)

.rela.rodata
 *(.rela.rodata)
 *(.rela.rodata.*)
 *(.rela.gnu.linkonce.r*)

.rel.data
 *(.rel.data)
 *(.rel.data.*)
 *(.rel.gnu.linkonce.d*)

.rela.data
 *(.rela.data)
 *(.rela.data.*)
 *(.rela.gnu.linkonce.d*)

.rel.ctors
 *(.rel.ctors)

.rela.ctors
 *(.rela.ctors)

.rel.dtors
 *(.rel.dtors)

.rela.dtors
 *(.rela.dtors)

.rel.got
 *(.rel.got)

.rela.got
 *(.rela.got)

.rel.bss
 *(.rel.bss)

.rela.bss
 *(.rela.bss)

.rel.plt
 *(.rel.plt)

.rela.plt
 *(.rela.plt)

.text           0x00000000     0x6604
 *(.vectors)
 .vectors       0x00000000       0x54 e:/winavr/bin/../lib/gcc/avr/4.3.3/../../../../avr/lib/avr5/crtm32.o
                0x00000000                __vectors
                0x00000000                __vector_default
 *(.vectors)
 *(.progmem.gcc*)
 *(.progmem*)
                0x00000054                . = ALIGN (0x2)
                0x00000054                __trampolines_start = .
 *(.trampolines)
 .trampolines   0x00000054        0x0 linker stubs
 *(.trampolines*)
                0x00000054                __trampolines_end = .
 *(.jumptables)
 *(.jumptables*)
 *(.lowtext)
 *(.lowtext*)
                0x00000054                __ctors_start = .
 *(.ctors)
                0x00000054                __ctors_end = .
                0x00000054                __dtors_start = .
 *(.dtors)
                0x00000054                __dtors_end = .
 SORT(*)(.ctors)
 SORT(*)(.dtors)
 *(.init0)
 .init0         0x00000054        0x0 e:/winavr/bin/../lib/gcc/avr/4.3.3/../../../../avr/lib/avr5/crtm32.o
                0x00000054                __init
 *(.init0)
 *(.init1)
 *(.init1)
 *(.init2)
 .init2         0x00000054        0xc e:/winavr/bin/../lib/gcc/avr/4.3.3/../../../../avr/lib/avr5/crtm32.o
 *(.init2)
 *(.init3)
 *(.init3)
 *(.init4)
 .init4         0x00000060       0x16 e:/winavr/bin/../lib/gcc/avr/4.3.3/avr5\libgcc.a(_copy_data.o)
                0x00000060                __do_copy_data
 .init4         0x00000076       0x10 e:/winavr/bin/../lib/gcc/avr/4.3.3/avr5\libgcc.a(_clear_bss.o)
                0x00000076                __do_clear_bss
 *(.init4)
 *(.init5)
 *(.init5)
 *(.init6)
 *(.init6)
 *(.init7)
 *(.init7)
 *(.init8)
 *(.init8)
 *(.init9)
 .init9         0x00000086        0x8 e:/winavr/bin/../lib/gcc/avr/4.3.3/../../../../avr/lib/avr5/crtm32.o
 *(.init9)
 *(.text)
 .text          0x0000008e        0x4 e:/winavr/bin/../lib/gcc/avr/4.3.3/../../../../avr/lib/avr5/crtm32.o
                0x0000008e                __bad_interrupt
                0x0000008e                __vector_17
                0x0000008e                __vector_19
                0x0000008e                __vector_14
                0x0000008e                __vector_16
                0x0000008e                __vector_18
                0x0000008e                __vector_20
 .text          0x00000092        0x0 ./MCAL/USART/USART_Program.o
 .text          0x00000092        0x0 ./MCAL/TWI/TWI_Program.o
 .text          0x00000092        0x0 ./MCAL/TIMERS/TIMERS_Program.o
 .text          0x00000092        0x0 ./MCAL/SPI/SPI_Program.o
 .text          0x00000092        0x0 ./MCAL/GIE/GIE_Program.o
 .text          0x00000092        0x0 ./MCAL/EXTI/EXTI_Program.o
 .text          0x00000092        0x0 ./MCAL/DIO/DIO_Program.o
 .text          0x00000092        0x0 ./MCAL/ADC/ADC_Program.o
 .text          0x00000092        0x0 ./HAL/LM35/LM35_Program.o
 .text          0x00000092        0x0 ./HAL/LCD/LCD_Program.o
 .text          0x00000092        0x0 ./HAL/KPD/KPD_Program.o
 .text          0x00000092        0x0 ./HAL/EEPROM/EEPROM_Program.o
 .text          0x00000092        0x0 ./HAL/DC_FAN/DC_FAN_Program.o
 .text          0x00000092        0x0 ./main.o
 .text          0x00000092        0x0 e:/winavr/bin/../lib/gcc/avr/4.3.3/avr5\libgcc.a(_exit.o)
 .text          0x00000092        0x0 e:/winavr/bin/../lib/gcc/avr/4.3.3/avr5\libgcc.a(_copy_data.o)
 .text          0x00000092        0x0 e:/winavr/bin/../lib/gcc/avr/4.3.3/avr5\libgcc.a(_clear_bss.o)
 .text          0x00000092       0xfe e:/winavr/bin/../lib/gcc/avr/4.3.3/avr5\libgcc.a(_ashldi3.o)
                0x00000092                __ashldi3
 .text          0x00000190       0x58 e:/winavr/bin/../lib/gcc/avr/4.3.3/avr5\libgcc.a(_fixunssfsi.o)
                0x00000190                __fixunssfsi
 .text          0x000001e8     0x1050 e:/winavr/bin/../lib/gcc/avr/4.3.3/avr5\libgcc.a(_divdi3.o)
                0x000001e8                __divdi3
 .text          0x00001238     0x107a e:/winavr/bin/../lib/gcc/avr/4.3.3/avr5\libgcc.a(_moddi3.o)
                0x00001238                __moddi3
 .text          0x000022b2      0xcea e:/winavr/bin/../lib/gcc/avr/4.3.3/avr5\libgcc.a(_udivdi3.o)
                0x000022b2                __udivdi3
 .text          0x00002f9c      0xce0 e:/winavr/bin/../lib/gcc/avr/4.3.3/avr5\libgcc.a(_umoddi3.o)
                0x00002f9c                __umoddi3
 .text          0x00003c7c      0x354 e:/winavr/bin/../lib/gcc/avr/4.3.3/avr5\libgcc.a(_addsub_sf.o)
                0x00003f14                __subsf3
                0x00003f76                __addsf3
 .text          0x00003fd0      0x1f4 e:/winavr/bin/../lib/gcc/avr/4.3.3/avr5\libgcc.a(_mul_sf.o)
                0x00003fd0                __mulsf3
 .text          0x000041c4       0x60 e:/winavr/bin/../lib/gcc/avr/4.3.3/avr5\libgcc.a(_ge_sf.o)
                0x000041c4                __gesf2
 .text          0x00004224       0xa8 e:/winavr/bin/../lib/gcc/avr/4.3.3/avr5\libgcc.a(_sf_to_si.o)
                0x00004224                __fixsfsi
 .text          0x000042cc        0x0 e:/winavr/bin/../lib/gcc/avr/4.3.3/avr5\libgcc.a(_thenan_sf.o)
 .text          0x000042cc       0xf2 e:/winavr/bin/../lib/gcc/avr/4.3.3/avr5\libgcc.a(_usi_to_sf.o)
                0x000042cc                __floatunsisf
 .text          0x000043be        0x0 e:/winavr/bin/../lib/gcc/avr/4.3.3/avr5\libgcc.a(_mulsi3.o)
 .text          0x000043be        0x0 e:/winavr/bin/../lib/gcc/avr/4.3.3/avr5\libgcc.a(_udivmodsi4.o)
 .text          0x000043be        0x0 e:/winavr/bin/../lib/gcc/avr/4.3.3/avr5\libgcc.a(_prologue.o)
 .text          0x000043be        0x0 e:/winavr/bin/../lib/gcc/avr/4.3.3/avr5\libgcc.a(_epilogue.o)
 .text          0x000043be        0x0 e:/winavr/bin/../lib/gcc/avr/4.3.3/avr5\libgcc.a(_clz.o)
 .text          0x000043be       0x9e e:/winavr/bin/../lib/gcc/avr/4.3.3/avr5\libgcc.a(_clzsi2.o)
                0x000043be                __clzsi2
 .text          0x0000445c      0x1aa e:/winavr/bin/../lib/gcc/avr/4.3.3/avr5\libgcc.a(_pack_sf.o)
                0x0000445c                __pack_f
 .text          0x00004606       0xf0 e:/winavr/bin/../lib/gcc/avr/4.3.3/avr5\libgcc.a(_unpack_sf.o)
                0x00004606                __unpack_f
 .text          0x000046f6       0xb2 e:/winavr/bin/../lib/gcc/avr/4.3.3/avr5\libgcc.a(_fpcmp_parts_sf.o)
                0x000046f6                __fpcmp_parts_f
                0x000047a8                . = ALIGN (0x2)
 *(.text.*)
 .text.USART_voidInit
                0x000047a8       0x1c ./MCAL/USART/USART_Program.o
                0x000047a8                USART_voidInit
 .text.USART_u8SendData
                0x000047c4       0x50 ./MCAL/USART/USART_Program.o
                0x000047c4                USART_u8SendData
 .text.USART_u8RecevieData
                0x00004814       0x52 ./MCAL/USART/USART_Program.o
                0x00004814                USART_u8RecevieData
 .text.USART_u8SendStringSynch
                0x00004866       0x26 ./MCAL/USART/USART_Program.o
                0x00004866                USART_u8SendStringSynch
 .text.USART_u8SendStringAsynch
                0x0000488c       0x3e ./MCAL/USART/USART_Program.o
                0x0000488c                USART_u8SendStringAsynch
 .text.USART_u8ReceiveBufferSynch
                0x000048ca       0x64 ./MCAL/USART/USART_Program.o
                0x000048ca                USART_u8ReceiveBufferSynch
 .text.USART_u8ReceiveBufferAsynch
                0x0000492e       0x40 ./MCAL/USART/USART_Program.o
                0x0000492e                USART_u8ReceiveBufferAsynch
 .text.__vector_13
                0x0000496e       0x7c ./MCAL/USART/USART_Program.o
                0x0000496e                __vector_13
 .text.__vector_15
                0x000049ea       0x7a ./MCAL/USART/USART_Program.o
                0x000049ea                __vector_15
 .text.TWI_voidInit
                0x00004a64       0x10 ./MCAL/TWI/TWI_Program.o
                0x00004a64                TWI_voidInit
 .text.TWI_enSendStartCondition
                0x00004a74       0x1a ./MCAL/TWI/TWI_Program.o
                0x00004a74                TWI_enSendStartCondition
 .text.TWI_enSendRepeatedStart
                0x00004a8e        0xe ./MCAL/TWI/TWI_Program.o
                0x00004a8e                TWI_enSendRepeatedStart
 .text.TWI_enSendSlaveAddressWithWriteCmd
                0x00004a9c       0x1e ./MCAL/TWI/TWI_Program.o
                0x00004a9c                TWI_enSendSlaveAddressWithWriteCmd
 .text.TWI_enSendSlaveAddressWithReadCmd
                0x00004aba       0x20 ./MCAL/TWI/TWI_Program.o
                0x00004aba                TWI_enSendSlaveAddressWithReadCmd
 .text.TWI_enSendByte
                0x00004ada       0x1c ./MCAL/TWI/TWI_Program.o
                0x00004ada                TWI_enSendByte
 .text.TWI_enReceiveByteAck
                0x00004af6       0x20 ./MCAL/TWI/TWI_Program.o
                0x00004af6                TWI_enReceiveByteAck
 .text.TWI_enReceiveByteNoAck
                0x00004b16       0x26 ./MCAL/TWI/TWI_Program.o
                0x00004b16                TWI_enReceiveByteNoAck
 .text.TWI_voidSendStopCondition
                0x00004b3c        0x6 ./MCAL/TWI/TWI_Program.o
                0x00004b3c                TWI_voidSendStopCondition
 .text.TIMER0_voidInit
                0x00004b42       0x28 ./MCAL/TIMERS/TIMERS_Program.o
                0x00004b42                TIMER0_voidInit
 .text.TIMER1_voidInit
                0x00004b6a       0x70 ./MCAL/TIMERS/TIMERS_Program.o
                0x00004b6a                TIMER1_voidInit
 .text.TIMER2_voidInit
                0x00004bda       0x28 ./MCAL/TIMERS/TIMERS_Program.o
                0x00004bda                TIMER2_voidInit
 .text.TIMER0_voidSetPreload
                0x00004c02        0x4 ./MCAL/TIMERS/TIMERS_Program.o
                0x00004c02                TIMER0_voidSetPreload
 .text.TIMER1_voidSetPreload
                0x00004c06        0x6 ./MCAL/TIMERS/TIMERS_Program.o
                0x00004c06                TIMER1_voidSetPreload
 .text.TIMER2_voidSetPreload
                0x00004c0c        0x4 ./MCAL/TIMERS/TIMERS_Program.o
                0x00004c0c                TIMER2_voidSetPreload
 .text.TIMER0_voidSetCTC
                0x00004c10        0x4 ./MCAL/TIMERS/TIMERS_Program.o
                0x00004c10                TIMER0_voidSetCTC
 .text.TIMER1_voidSetCTCA
                0x00004c14        0x6 ./MCAL/TIMERS/TIMERS_Program.o
                0x00004c14                TIMER1_voidSetCTCA
 .text.TIMER1_voidSetCTCB
                0x00004c1a        0x6 ./MCAL/TIMERS/TIMERS_Program.o
                0x00004c1a                TIMER1_voidSetCTCB
 .text.TIMER2_voidSetCTC
                0x00004c20        0x4 ./MCAL/TIMERS/TIMERS_Program.o
                0x00004c20                TIMER2_voidSetCTC
 .text.TIMER1_voidSetICR1
                0x00004c24        0x6 ./MCAL/TIMERS/TIMERS_Program.o
                0x00004c24                TIMER1_voidSetICR1
 .text.TIMER0_u8GetTimerCounterValue
                0x00004c2a        0x4 ./MCAL/TIMERS/TIMERS_Program.o
                0x00004c2a                TIMER0_u8GetTimerCounterValue
 .text.TIMER1_u16GetTimerCounterValue
                0x00004c2e        0x8 ./MCAL/TIMERS/TIMERS_Program.o
                0x00004c2e                TIMER1_u16GetTimerCounterValue
 .text.TIMER2_u8GetTimerCounterValue
                0x00004c36        0x4 ./MCAL/TIMERS/TIMERS_Program.o
                0x00004c36                TIMER2_u8GetTimerCounterValue
 .text.TIMER_voidSetPWM
                0x00004c3a        0x6 ./MCAL/TIMERS/TIMERS_Program.o
                0x00004c3a                TIMER_voidSetPWM
 .text.TIMER_voidICUInitEnable
                0x00004c40        0xe ./MCAL/TIMERS/TIMERS_Program.o
                0x00004c40                TIMER_voidICUInitEnable
 .text.TIMER_voidICUSetTriggerEdge
                0x00004c4e       0x20 ./MCAL/TIMERS/TIMERS_Program.o
                0x00004c4e                TIMER_voidICUSetTriggerEdge
 .text.TIMER_voidICUEnableInterrupt
                0x00004c6e        0x8 ./MCAL/TIMERS/TIMERS_Program.o
                0x00004c6e                TIMER_voidICUEnableInterrupt
 .text.TIMER_voidICUDisableInterrupt
                0x00004c76        0x8 ./MCAL/TIMERS/TIMERS_Program.o
                0x00004c76                TIMER_voidICUDisableInterrupt
 .text.TIMER_u16GetICR
                0x00004c7e        0x8 ./MCAL/TIMERS/TIMERS_Program.o
                0x00004c7e                TIMER_u16GetICR
 .text.TIMER_voidWDTSleep
                0x00004c86        0xe ./MCAL/TIMERS/TIMERS_Program.o
                0x00004c86                TIMER_voidWDTSleep
 .text.TIMER_voidWDTEnable
                0x00004c94        0x8 ./MCAL/TIMERS/TIMERS_Program.o
                0x00004c94                TIMER_voidWDTEnable
 .text.TIMER_voidWDTDisable
                0x00004c9c        0xa ./MCAL/TIMERS/TIMERS_Program.o
                0x00004c9c                TIMER_voidWDTDisable
 .text.TIMER_u8SetCallBack
                0x00004ca6       0x1c ./MCAL/TIMERS/TIMERS_Program.o
                0x00004ca6                TIMER_u8SetCallBack
 .text.__vector_11
                0x00004cc2       0x52 ./MCAL/TIMERS/TIMERS_Program.o
                0x00004cc2                __vector_11
 .text.__vector_10
                0x00004d14       0x52 ./MCAL/TIMERS/TIMERS_Program.o
                0x00004d14                __vector_10
 .text.__vector_9
                0x00004d66       0x52 ./MCAL/TIMERS/TIMERS_Program.o
                0x00004d66                __vector_9
 .text.__vector_8
                0x00004db8       0x52 ./MCAL/TIMERS/TIMERS_Program.o
                0x00004db8                __vector_8
 .text.__vector_7
                0x00004e0a       0x52 ./MCAL/TIMERS/TIMERS_Program.o
                0x00004e0a                __vector_7
 .text.__vector_6
                0x00004e5c       0x52 ./MCAL/TIMERS/TIMERS_Program.o
                0x00004e5c                __vector_6
 .text.__vector_5
                0x00004eae       0x52 ./MCAL/TIMERS/TIMERS_Program.o
                0x00004eae                __vector_5
 .text.__vector_4
                0x00004f00       0x52 ./MCAL/TIMERS/TIMERS_Program.o
                0x00004f00                __vector_4
 .text.SPI_VoidInit
                0x00004f52       0x14 ./MCAL/SPI/SPI_Program.o
                0x00004f52                SPI_VoidInit
 .text.SPI_u8InitConfig
                0x00004f66       0xfc ./MCAL/SPI/SPI_Program.o
                0x00004f66                SPI_u8InitConfig
 .text.SPI_u8Tranceive
                0x00005062       0x58 ./MCAL/SPI/SPI_Program.o
                0x00005062                SPI_u8Tranceive
 .text.SPI_u8BufferTranceiverSynch
                0x000050ba       0x50 ./MCAL/SPI/SPI_Program.o
                0x000050ba                SPI_u8BufferTranceiverSynch
 .text.SPI_u8BufferTranceiverAsynch
                0x0000510a       0x60 ./MCAL/SPI/SPI_Program.o
                0x0000510a                SPI_u8BufferTranceiverAsynch
 .text.__vector_12
                0x0000516a       0x88 ./MCAL/SPI/SPI_Program.o
                0x0000516a                __vector_12
 .text.GIE_voidEnable
                0x000051f2        0x8 ./MCAL/GIE/GIE_Program.o
                0x000051f2                GIE_voidEnable
 .text.GIE_voidDisable
                0x000051fa        0x8 ./MCAL/GIE/GIE_Program.o
                0x000051fa                GIE_voidDisable
 .text.EXTI_voidInit
                0x00005202       0x2c ./MCAL/EXTI/EXTI_Program.o
                0x00005202                EXTI_voidInit
 .text.EXTI_u8SetInt0SenseControl
                0x0000522e       0x42 ./MCAL/EXTI/EXTI_Program.o
                0x0000522e                EXTI_u8SetInt0SenseControl
 .text.EXTI_u8SetInt1SenseControl
                0x00005270       0x42 ./MCAL/EXTI/EXTI_Program.o
                0x00005270                EXTI_u8SetInt1SenseControl
 .text.EXTI_u8SetInt2SenseControl
                0x000052b2       0x22 ./MCAL/EXTI/EXTI_Program.o
                0x000052b2                EXTI_u8SetInt2SenseControl
 .text.EXTI_u8Int0SetCallBack
                0x000052d4       0x14 ./MCAL/EXTI/EXTI_Program.o
                0x000052d4                EXTI_u8Int0SetCallBack
 .text.__vector_1
                0x000052e8       0x52 ./MCAL/EXTI/EXTI_Program.o
                0x000052e8                __vector_1
 .text.EXTI_u8Int1SetCallBack
                0x0000533a       0x14 ./MCAL/EXTI/EXTI_Program.o
                0x0000533a                EXTI_u8Int1SetCallBack
 .text.__vector_2
                0x0000534e       0x52 ./MCAL/EXTI/EXTI_Program.o
                0x0000534e                __vector_2
 .text.EXTI_u8Int2SetCallBack
                0x000053a0       0x14 ./MCAL/EXTI/EXTI_Program.o
                0x000053a0                EXTI_u8Int2SetCallBack
 .text.__vector_3
                0x000053b4       0x52 ./MCAL/EXTI/EXTI_Program.o
                0x000053b4                __vector_3
 .text.DIO_u8SetPortValue
                0x00005406       0x28 ./MCAL/DIO/DIO_Program.o
                0x00005406                DIO_u8SetPortValue
 .text.DIO_u8SetPortDirection
                0x0000542e       0x28 ./MCAL/DIO/DIO_Program.o
                0x0000542e                DIO_u8SetPortDirection
 .text.DIO_u8GetPortValue
                0x00005456       0x2e ./MCAL/DIO/DIO_Program.o
                0x00005456                DIO_u8GetPortValue
 .text.DIO_u8SetPinValue
                0x00005484       0xf2 ./MCAL/DIO/DIO_Program.o
                0x00005484                DIO_u8SetPinValue
 .text.DIO_u8TogglePinValue
                0x00005576       0x70 ./MCAL/DIO/DIO_Program.o
                0x00005576                DIO_u8TogglePinValue
 .text.DIO_u8SetPinDirection
                0x000055e6       0xf2 ./MCAL/DIO/DIO_Program.o
                0x000055e6                DIO_u8SetPinDirection
 .text.DIO_u8GetPinValue
                0x000056d8       0x6e ./MCAL/DIO/DIO_Program.o
                0x000056d8                DIO_u8GetPinValue
 .text.DIO_u8ConnectPullUp
                0x00005746      0x11c ./MCAL/DIO/DIO_Program.o
                0x00005746                DIO_u8ConnectPullUp
 .text.ADC_voidInit
                0x00005862       0x14 ./MCAL/ADC/ADC_Program.o
                0x00005862                ADC_voidInit
 .text.ADC_u16GetConversionReading
                0x00005876       0xc8 ./MCAL/ADC/ADC_Program.o
                0x00005876                ADC_u16GetConversionReading
 .text.LM35_u16GetTempReading
                0x0000593e       0x24 ./HAL/LM35/LM35_Program.o
                0x0000593e                LM35_u16GetTempReading
 .text.LM35_voidInit
                0x00005962        0x6 ./HAL/LM35/LM35_Program.o
                0x00005962                LM35_voidInit
 .text.LCD_voidSendData
                0x00005968       0x40 ./HAL/LCD/LCD_Program.o
                0x00005968                LCD_voidSendData
 .text.LCD_voidSendNumber
                0x000059a8      0x62c ./HAL/LCD/LCD_Program.o
                0x000059a8                LCD_voidSendNumber
 .text.LCD_voidSendString
                0x00005fd4       0x26 ./HAL/LCD/LCD_Program.o
                0x00005fd4                LCD_voidSendString
 .text.LCD_voidSendCommand
                0x00005ffa       0x40 ./HAL/LCD/LCD_Program.o
                0x00005ffa                LCD_voidSendCommand
 .text.LCD_voidClearScreen
                0x0000603a        0x8 ./HAL/LCD/LCD_Program.o
                0x0000603a                LCD_voidClearScreen
 .text.LCD_voidSetPosition
                0x00006042       0x18 ./HAL/LCD/LCD_Program.o
                0x00006042                LCD_voidSetPosition
 .text.LCD_voidSendCustomCharacter
                0x0000605a       0x5a ./HAL/LCD/LCD_Program.o
                0x0000605a                LCD_voidSendCustomCharacter
 .text.LCD_voidInit
                0x000060b4       0x4c ./HAL/LCD/LCD_Program.o
                0x000060b4                LCD_voidInit
 .text.KPD_u8GetPressed
                0x00006100       0xea ./HAL/KPD/KPD_Program.o
                0x00006100                KPD_u8GetPressed
 .text.KPD_Init
                0x000061ea       0x7a ./HAL/KPD/KPD_Program.o
                0x000061ea                KPD_Init
 .text.EEPROM_u8ReadDataByte
                0x00006264       0x48 ./HAL/EEPROM/EEPROM_Program.o
                0x00006264                EEPROM_u8ReadDataByte
 .text.EEPROM_voidSendDataByte
                0x000062ac       0x30 ./HAL/EEPROM/EEPROM_Program.o
                0x000062ac                EEPROM_voidSendDataByte
 .text.EEPROM_voidInit
                0x000062dc        0x6 ./HAL/EEPROM/EEPROM_Program.o
                0x000062dc                EEPROM_voidInit
 .text.DC_FAN_SetSpeed
                0x000062e2       0x18 ./HAL/DC_FAN/DC_FAN_Program.o
                0x000062e2                DC_FAN_SetSpeed
 .text.DC_FAN_Init
                0x000062fa       0x16 ./HAL/DC_FAN/DC_FAN_Program.o
                0x000062fa                DC_FAN_Init
 .text.Room_1_ControlEnable
                0x00006310       0x16 ./main.o
                0x00006310                Room_1_ControlEnable
 .text.Room_2_ControlEnable
                0x00006326       0x16 ./main.o
                0x00006326                Room_2_ControlEnable
 .text.main     0x0000633c      0x1d4 ./main.o
                0x0000633c                main
 .text.libgcc   0x00006510        0x0 e:/winavr/bin/../lib/gcc/avr/4.3.3/avr5\libgcc.a(_exit.o)
 .text.libgcc   0x00006510        0x0 e:/winavr/bin/../lib/gcc/avr/4.3.3/avr5\libgcc.a(_copy_data.o)
 .text.libgcc   0x00006510        0x0 e:/winavr/bin/../lib/gcc/avr/4.3.3/avr5\libgcc.a(_clear_bss.o)
 .text.libgcc   0x00006510       0x3e e:/winavr/bin/../lib/gcc/avr/4.3.3/avr5\libgcc.a(_mulsi3.o)
                0x00006510                __mulsi3
 .text.libgcc   0x0000654e       0x44 e:/winavr/bin/../lib/gcc/avr/4.3.3/avr5\libgcc.a(_udivmodsi4.o)
                0x0000654e                __udivmodsi4
 .text.libgcc   0x00006592       0x38 e:/winavr/bin/../lib/gcc/avr/4.3.3/avr5\libgcc.a(_prologue.o)
                0x00006592                __prologue_saves__
 .text.libgcc   0x000065ca       0x36 e:/winavr/bin/../lib/gcc/avr/4.3.3/avr5\libgcc.a(_epilogue.o)
                0x000065ca                __epilogue_restores__
                0x00006600                . = ALIGN (0x2)
 *(.fini9)
 .fini9         0x00006600        0x0 e:/winavr/bin/../lib/gcc/avr/4.3.3/avr5\libgcc.a(_exit.o)
                0x00006600                exit
                0x00006600                _exit
 *(.fini9)
 *(.fini8)
 *(.fini8)
 *(.fini7)
 *(.fini7)
 *(.fini6)
 *(.fini6)
 *(.fini5)
 *(.fini5)
 *(.fini4)
 *(.fini4)
 *(.fini3)
 *(.fini3)
 *(.fini2)
 *(.fini2)
 *(.fini1)
 *(.fini1)
 *(.fini0)
 .fini0         0x00006600        0x4 e:/winavr/bin/../lib/gcc/avr/4.3.3/avr5\libgcc.a(_exit.o)
 *(.fini0)
                0x00006604                _etext = .

.data           0x00800060      0x11a load address 0x00006604
                0x00800060                PROVIDE (__data_start, .)
 *(.data)
 .data          0x00800060        0x0 e:/winavr/bin/../lib/gcc/avr/4.3.3/../../../../avr/lib/avr5/crtm32.o
 .data          0x00800060        0x0 ./MCAL/USART/USART_Program.o
 .data          0x00800060        0x0 ./MCAL/TWI/TWI_Program.o
 .data          0x00800060        0x0 ./MCAL/TIMERS/TIMERS_Program.o
 .data          0x00800060        0x0 ./MCAL/SPI/SPI_Program.o
 .data          0x00800060        0x0 ./MCAL/GIE/GIE_Program.o
 .data          0x00800060        0x0 ./MCAL/EXTI/EXTI_Program.o
 .data          0x00800060        0x0 ./MCAL/DIO/DIO_Program.o
 .data          0x00800060        0x0 ./MCAL/ADC/ADC_Program.o
 .data          0x00800060        0x0 ./HAL/LM35/LM35_Program.o
 .data          0x00800060        0x0 ./HAL/LCD/LCD_Program.o
 .data          0x00800060        0x0 ./HAL/KPD/KPD_Program.o
 .data          0x00800060        0x0 ./HAL/EEPROM/EEPROM_Program.o
 .data          0x00800060        0x0 ./HAL/DC_FAN/DC_FAN_Program.o
 .data          0x00800060        0x0 ./main.o
 .data          0x00800060        0x0 e:/winavr/bin/../lib/gcc/avr/4.3.3/avr5\libgcc.a(_exit.o)
 .data          0x00800060        0x0 e:/winavr/bin/../lib/gcc/avr/4.3.3/avr5\libgcc.a(_copy_data.o)
 .data          0x00800060        0x0 e:/winavr/bin/../lib/gcc/avr/4.3.3/avr5\libgcc.a(_clear_bss.o)
 .data          0x00800060        0x0 e:/winavr/bin/../lib/gcc/avr/4.3.3/avr5\libgcc.a(_ashldi3.o)
 .data          0x00800060        0x0 e:/winavr/bin/../lib/gcc/avr/4.3.3/avr5\libgcc.a(_fixunssfsi.o)
 .data          0x00800060        0x0 e:/winavr/bin/../lib/gcc/avr/4.3.3/avr5\libgcc.a(_divdi3.o)
 .data          0x00800060        0x0 e:/winavr/bin/../lib/gcc/avr/4.3.3/avr5\libgcc.a(_moddi3.o)
 .data          0x00800060        0x0 e:/winavr/bin/../lib/gcc/avr/4.3.3/avr5\libgcc.a(_udivdi3.o)
 .data          0x00800060        0x0 e:/winavr/bin/../lib/gcc/avr/4.3.3/avr5\libgcc.a(_umoddi3.o)
 .data          0x00800060        0x0 e:/winavr/bin/../lib/gcc/avr/4.3.3/avr5\libgcc.a(_addsub_sf.o)
 .data          0x00800060        0x0 e:/winavr/bin/../lib/gcc/avr/4.3.3/avr5\libgcc.a(_mul_sf.o)
 .data          0x00800060        0x0 e:/winavr/bin/../lib/gcc/avr/4.3.3/avr5\libgcc.a(_ge_sf.o)
 .data          0x00800060        0x0 e:/winavr/bin/../lib/gcc/avr/4.3.3/avr5\libgcc.a(_sf_to_si.o)
 .data          0x00800060        0x8 e:/winavr/bin/../lib/gcc/avr/4.3.3/avr5\libgcc.a(_thenan_sf.o)
                0x00800060                __thenan_sf
 .data          0x00800068        0x0 e:/winavr/bin/../lib/gcc/avr/4.3.3/avr5\libgcc.a(_usi_to_sf.o)
 .data          0x00800068        0x0 e:/winavr/bin/../lib/gcc/avr/4.3.3/avr5\libgcc.a(_mulsi3.o)
 .data          0x00800068        0x0 e:/winavr/bin/../lib/gcc/avr/4.3.3/avr5\libgcc.a(_udivmodsi4.o)
 .data          0x00800068        0x0 e:/winavr/bin/../lib/gcc/avr/4.3.3/avr5\libgcc.a(_prologue.o)
 .data          0x00800068        0x0 e:/winavr/bin/../lib/gcc/avr/4.3.3/avr5\libgcc.a(_epilogue.o)
 .data          0x00800068      0x100 e:/winavr/bin/../lib/gcc/avr/4.3.3/avr5\libgcc.a(_clz.o)
                0x00800068                __clz_tab
 .data          0x00800168        0x0 e:/winavr/bin/../lib/gcc/avr/4.3.3/avr5\libgcc.a(_clzsi2.o)
 .data          0x00800168        0x0 e:/winavr/bin/../lib/gcc/avr/4.3.3/avr5\libgcc.a(_pack_sf.o)
 .data          0x00800168        0x0 e:/winavr/bin/../lib/gcc/avr/4.3.3/avr5\libgcc.a(_unpack_sf.o)
 .data          0x00800168        0x0 e:/winavr/bin/../lib/gcc/avr/4.3.3/avr5\libgcc.a(_fpcmp_parts_sf.o)
 *(.data*)
 .data.USART_u8State
                0x00800168        0x1 ./MCAL/USART/USART_Program.o
 .data.SPI_u8State
                0x00800169        0x1 ./MCAL/SPI/SPI_Program.o
 .data.KPD_u8Buttons
                0x0080016a       0x10 ./HAL/KPD/KPD_Program.o
                0x0080016a                KPD_u8Buttons
 *(.rodata)
 *(.rodata*)
 *(.gnu.linkonce.d*)
                0x0080017a                . = ALIGN (0x2)
                0x0080017a                _edata = .
                0x0080017a                PROVIDE (__data_end, .)

.bss            0x0080017a       0x38
                0x0080017a                PROVIDE (__bss_start, .)
 *(.bss)
 .bss           0x0080017a        0x0 e:/winavr/bin/../lib/gcc/avr/4.3.3/../../../../avr/lib/avr5/crtm32.o
 .bss           0x0080017a        0x0 ./MCAL/USART/USART_Program.o
 .bss           0x0080017a        0x0 ./MCAL/TWI/TWI_Program.o
 .bss           0x0080017a        0x0 ./MCAL/TIMERS/TIMERS_Program.o
 .bss           0x0080017a        0x0 ./MCAL/SPI/SPI_Program.o
 .bss           0x0080017a        0x0 ./MCAL/GIE/GIE_Program.o
 .bss           0x0080017a        0x0 ./MCAL/EXTI/EXTI_Program.o
 .bss           0x0080017a        0x0 ./MCAL/DIO/DIO_Program.o
 .bss           0x0080017a        0x0 ./MCAL/ADC/ADC_Program.o
 .bss           0x0080017a        0x0 ./HAL/LM35/LM35_Program.o
 .bss           0x0080017a        0x0 ./HAL/LCD/LCD_Program.o
 .bss           0x0080017a        0x0 ./HAL/KPD/KPD_Program.o
 .bss           0x0080017a        0x0 ./HAL/EEPROM/EEPROM_Program.o
 .bss           0x0080017a        0x0 ./HAL/DC_FAN/DC_FAN_Program.o
 .bss           0x0080017a        0x0 ./main.o
 .bss           0x0080017a        0x0 e:/winavr/bin/../lib/gcc/avr/4.3.3/avr5\libgcc.a(_exit.o)
 .bss           0x0080017a        0x0 e:/winavr/bin/../lib/gcc/avr/4.3.3/avr5\libgcc.a(_copy_data.o)
 .bss           0x0080017a        0x0 e:/winavr/bin/../lib/gcc/avr/4.3.3/avr5\libgcc.a(_clear_bss.o)
 .bss           0x0080017a        0x0 e:/winavr/bin/../lib/gcc/avr/4.3.3/avr5\libgcc.a(_ashldi3.o)
 .bss           0x0080017a        0x0 e:/winavr/bin/../lib/gcc/avr/4.3.3/avr5\libgcc.a(_fixunssfsi.o)
 .bss           0x0080017a        0x0 e:/winavr/bin/../lib/gcc/avr/4.3.3/avr5\libgcc.a(_divdi3.o)
 .bss           0x0080017a        0x0 e:/winavr/bin/../lib/gcc/avr/4.3.3/avr5\libgcc.a(_moddi3.o)
 .bss           0x0080017a        0x0 e:/winavr/bin/../lib/gcc/avr/4.3.3/avr5\libgcc.a(_udivdi3.o)
 .bss           0x0080017a        0x0 e:/winavr/bin/../lib/gcc/avr/4.3.3/avr5\libgcc.a(_umoddi3.o)
 .bss           0x0080017a        0x0 e:/winavr/bin/../lib/gcc/avr/4.3.3/avr5\libgcc.a(_addsub_sf.o)
 .bss           0x0080017a        0x0 e:/winavr/bin/../lib/gcc/avr/4.3.3/avr5\libgcc.a(_mul_sf.o)
 .bss           0x0080017a        0x0 e:/winavr/bin/../lib/gcc/avr/4.3.3/avr5\libgcc.a(_ge_sf.o)
 .bss           0x0080017a        0x0 e:/winavr/bin/../lib/gcc/avr/4.3.3/avr5\libgcc.a(_sf_to_si.o)
 .bss           0x0080017a        0x0 e:/winavr/bin/../lib/gcc/avr/4.3.3/avr5\libgcc.a(_thenan_sf.o)
 .bss           0x0080017a        0x0 e:/winavr/bin/../lib/gcc/avr/4.3.3/avr5\libgcc.a(_usi_to_sf.o)
 .bss           0x0080017a        0x0 e:/winavr/bin/../lib/gcc/avr/4.3.3/avr5\libgcc.a(_mulsi3.o)
 .bss           0x0080017a        0x0 e:/winavr/bin/../lib/gcc/avr/4.3.3/avr5\libgcc.a(_udivmodsi4.o)
 .bss           0x0080017a        0x0 e:/winavr/bin/../lib/gcc/avr/4.3.3/avr5\libgcc.a(_prologue.o)
 .bss           0x0080017a        0x0 e:/winavr/bin/../lib/gcc/avr/4.3.3/avr5\libgcc.a(_epilogue.o)
 .bss           0x0080017a        0x0 e:/winavr/bin/../lib/gcc/avr/4.3.3/avr5\libgcc.a(_clz.o)
 .bss           0x0080017a        0x0 e:/winavr/bin/../lib/gcc/avr/4.3.3/avr5\libgcc.a(_clzsi2.o)
 .bss           0x0080017a        0x0 e:/winavr/bin/../lib/gcc/avr/4.3.3/avr5\libgcc.a(_pack_sf.o)
 .bss           0x0080017a        0x0 e:/winavr/bin/../lib/gcc/avr/4.3.3/avr5\libgcc.a(_unpack_sf.o)
 .bss           0x0080017a        0x0 e:/winavr/bin/../lib/gcc/avr/4.3.3/avr5\libgcc.a(_fpcmp_parts_sf.o)
 *(.bss*)
 .bss.USART_pu8SendData
                0x0080017a        0x2 ./MCAL/USART/USART_Program.o
 .bss.USART_pvNotificationFunc
                0x0080017c        0x2 ./MCAL/USART/USART_Program.o
 .bss.USART_pu8ReceiveData
                0x0080017e        0x2 ./MCAL/USART/USART_Program.o
 .bss.USART_u8BufferSize
                0x00800180        0x1 ./MCAL/USART/USART_Program.o
 .bss.USART_u8Index
                0x00800181        0x1 ./MCAL/USART/USART_Program.o
 .bss.TIMERS_pvCallBackFunc
                0x00800182       0x20 ./MCAL/TIMERS/TIMERS_Program.o
 .bss.SPI_pu8RData
                0x008001a2        0x2 ./MCAL/SPI/SPI_Program.o
 .bss.SPI_pvNotificationFunc
                0x008001a4        0x2 ./MCAL/SPI/SPI_Program.o
 .bss.SPI_pu8TData
                0x008001a6        0x2 ./MCAL/SPI/SPI_Program.o
 .bss.SPI_u8BufferSize
                0x008001a8        0x1 ./MCAL/SPI/SPI_Program.o
 .bss.SPI_u8Index
                0x008001a9        0x1 ./MCAL/SPI/SPI_Program.o
 .bss.Global_pvInt2NotifcationFunction
                0x008001aa        0x2 ./MCAL/EXTI/EXTI_Program.o
 .bss.Global_pvInt1NotifcationFunction
                0x008001ac        0x2 ./MCAL/EXTI/EXTI_Program.o
 .bss.Global_pvInt0NotifcationFunction
                0x008001ae        0x2 ./MCAL/EXTI/EXTI_Program.o
 .bss.Global_u8Room_1_Flag
                0x008001b0        0x1 ./main.o
                0x008001b0                Global_u8Room_1_Flag
 .bss.Global_u8Room_2_Flag
                0x008001b1        0x1 ./main.o
                0x008001b1                Global_u8Room_2_Flag
 *(COMMON)
                0x008001b2                PROVIDE (__bss_end, .)
                0x00006604                __data_load_start = LOADADDR (.data)
                0x0000671e                __data_load_end = (__data_load_start + SIZEOF (.data))

.noinit         0x008001b2        0x0
                0x008001b2                PROVIDE (__noinit_start, .)
 *(.noinit*)
                0x008001b2                PROVIDE (__noinit_end, .)
                0x008001b2                _end = .
                0x008001b2                PROVIDE (__heap_start, .)

.eeprom         0x00810000        0x0
 *(.eeprom*)
                0x00810000                __eeprom_end = .

.fuse
 *(.fuse)
 *(.lfuse)
 *(.hfuse)
 *(.efuse)

.lock
 *(.lock*)

.signature
 *(.signature*)

.stab           0x00000000     0x5028
 *(.stab)
 .stab          0x00000000      0x7b0 ./MCAL/USART/USART_Program.o
 .stab          0x000007b0      0x588 ./MCAL/TWI/TWI_Program.o
                                0x594 (size before relaxing)
 .stab          0x00000d38      0xa98 ./MCAL/TIMERS/TIMERS_Program.o
                                0xaa4 (size before relaxing)
 .stab          0x000017d0      0x72c ./MCAL/SPI/SPI_Program.o
                                0x738 (size before relaxing)
 .stab          0x00001efc      0x204 ./MCAL/GIE/GIE_Program.o
                                0x210 (size before relaxing)
 .stab          0x00002100      0x54c ./MCAL/EXTI/EXTI_Program.o
                                0x558 (size before relaxing)
 .stab          0x0000264c      0x834 ./MCAL/DIO/DIO_Program.o
                                0x840 (size before relaxing)
 .stab          0x00002e80      0x5a0 ./MCAL/ADC/ADC_Program.o
                                0x5ac (size before relaxing)
 .stab          0x00003420      0x210 ./HAL/LM35/LM35_Program.o
                                0x21c (size before relaxing)
 .stab          0x00003630      0x864 ./HAL/LCD/LCD_Program.o
                                0x870 (size before relaxing)
 .stab          0x00003e94      0x3d8 ./HAL/KPD/KPD_Program.o
                                0x570 (size before relaxing)
 .stab          0x0000426c      0x354 ./HAL/EEPROM/EEPROM_Program.o
                                0x4f8 (size before relaxing)
 .stab          0x000045c0      0x240 ./HAL/DC_FAN/DC_FAN_Program.o
                                0x24c (size before relaxing)
 .stab          0x00004800      0x828 ./main.o
                                0x9f0 (size before relaxing)

.stabstr        0x00000000     0x2138
 *(.stabstr)
 .stabstr       0x00000000     0x2138 ./MCAL/USART/USART_Program.o

.stab.excl
 *(.stab.excl)

.stab.exclstr
 *(.stab.exclstr)

.stab.index
 *(.stab.index)

.stab.indexstr
 *(.stab.indexstr)

.comment
 *(.comment)

.debug
 *(.debug)

.line
 *(.line)

.debug_srcinfo
 *(.debug_srcinfo)

.debug_sfnames
 *(.debug_sfnames)

.debug_aranges  0x00000000      0x1e0
 *(.debug_aranges)
 .debug_aranges
                0x00000000       0x20 e:/winavr/bin/../lib/gcc/avr/4.3.3/avr5\libgcc.a(_ashldi3.o)
 .debug_aranges
                0x00000020       0x20 e:/winavr/bin/../lib/gcc/avr/4.3.3/avr5\libgcc.a(_fixunssfsi.o)
 .debug_aranges
                0x00000040       0x20 e:/winavr/bin/../lib/gcc/avr/4.3.3/avr5\libgcc.a(_divdi3.o)
 .debug_aranges
                0x00000060       0x20 e:/winavr/bin/../lib/gcc/avr/4.3.3/avr5\libgcc.a(_moddi3.o)
 .debug_aranges
                0x00000080       0x20 e:/winavr/bin/../lib/gcc/avr/4.3.3/avr5\libgcc.a(_udivdi3.o)
 .debug_aranges
                0x000000a0       0x20 e:/winavr/bin/../lib/gcc/avr/4.3.3/avr5\libgcc.a(_umoddi3.o)
 .debug_aranges
                0x000000c0       0x20 e:/winavr/bin/../lib/gcc/avr/4.3.3/avr5\libgcc.a(_addsub_sf.o)
 .debug_aranges
                0x000000e0       0x20 e:/winavr/bin/../lib/gcc/avr/4.3.3/avr5\libgcc.a(_mul_sf.o)
 .debug_aranges
                0x00000100       0x20 e:/winavr/bin/../lib/gcc/avr/4.3.3/avr5\libgcc.a(_ge_sf.o)
 .debug_aranges
                0x00000120       0x20 e:/winavr/bin/../lib/gcc/avr/4.3.3/avr5\libgcc.a(_sf_to_si.o)
 .debug_aranges
                0x00000140       0x20 e:/winavr/bin/../lib/gcc/avr/4.3.3/avr5\libgcc.a(_usi_to_sf.o)
 .debug_aranges
                0x00000160       0x20 e:/winavr/bin/../lib/gcc/avr/4.3.3/avr5\libgcc.a(_clzsi2.o)
 .debug_aranges
                0x00000180       0x20 e:/winavr/bin/../lib/gcc/avr/4.3.3/avr5\libgcc.a(_pack_sf.o)
 .debug_aranges
                0x000001a0       0x20 e:/winavr/bin/../lib/gcc/avr/4.3.3/avr5\libgcc.a(_unpack_sf.o)
 .debug_aranges
                0x000001c0       0x20 e:/winavr/bin/../lib/gcc/avr/4.3.3/avr5\libgcc.a(_fpcmp_parts_sf.o)

.debug_pubnames
                0x00000000      0x235
 *(.debug_pubnames)
 .debug_pubnames
                0x00000000       0x20 e:/winavr/bin/../lib/gcc/avr/4.3.3/avr5\libgcc.a(_ashldi3.o)
 .debug_pubnames
                0x00000020       0x23 e:/winavr/bin/../lib/gcc/avr/4.3.3/avr5\libgcc.a(_fixunssfsi.o)
 .debug_pubnames
                0x00000043       0x1f e:/winavr/bin/../lib/gcc/avr/4.3.3/avr5\libgcc.a(_divdi3.o)
 .debug_pubnames
                0x00000062       0x1f e:/winavr/bin/../lib/gcc/avr/4.3.3/avr5\libgcc.a(_moddi3.o)
 .debug_pubnames
                0x00000081       0x20 e:/winavr/bin/../lib/gcc/avr/4.3.3/avr5\libgcc.a(_udivdi3.o)
 .debug_pubnames
                0x000000a1       0x20 e:/winavr/bin/../lib/gcc/avr/4.3.3/avr5\libgcc.a(_umoddi3.o)
 .debug_pubnames
                0x000000c1       0x2c e:/winavr/bin/../lib/gcc/avr/4.3.3/avr5\libgcc.a(_addsub_sf.o)
 .debug_pubnames
                0x000000ed       0x1f e:/winavr/bin/../lib/gcc/avr/4.3.3/avr5\libgcc.a(_mul_sf.o)
 .debug_pubnames
                0x0000010c       0x1e e:/winavr/bin/../lib/gcc/avr/4.3.3/avr5\libgcc.a(_ge_sf.o)
 .debug_pubnames
                0x0000012a       0x20 e:/winavr/bin/../lib/gcc/avr/4.3.3/avr5\libgcc.a(_sf_to_si.o)
 .debug_pubnames
                0x0000014a       0x22 e:/winavr/bin/../lib/gcc/avr/4.3.3/avr5\libgcc.a(_thenan_sf.o)
 .debug_pubnames
                0x0000016c       0x24 e:/winavr/bin/../lib/gcc/avr/4.3.3/avr5\libgcc.a(_usi_to_sf.o)
 .debug_pubnames
                0x00000190       0x20 e:/winavr/bin/../lib/gcc/avr/4.3.3/avr5\libgcc.a(_clz.o)
 .debug_pubnames
                0x000001b0       0x1f e:/winavr/bin/../lib/gcc/avr/4.3.3/avr5\libgcc.a(_clzsi2.o)
 .debug_pubnames
                0x000001cf       0x1f e:/winavr/bin/../lib/gcc/avr/4.3.3/avr5\libgcc.a(_pack_sf.o)
 .debug_pubnames
                0x000001ee       0x21 e:/winavr/bin/../lib/gcc/avr/4.3.3/avr5\libgcc.a(_unpack_sf.o)
 .debug_pubnames
                0x0000020f       0x26 e:/winavr/bin/../lib/gcc/avr/4.3.3/avr5\libgcc.a(_fpcmp_parts_sf.o)

.debug_info     0x00000000     0x39dc
 *(.debug_info)
 .debug_info    0x00000000      0x17f e:/winavr/bin/../lib/gcc/avr/4.3.3/avr5\libgcc.a(_ashldi3.o)
 .debug_info    0x0000017f       0xb1 e:/winavr/bin/../lib/gcc/avr/4.3.3/avr5\libgcc.a(_fixunssfsi.o)
 .debug_info    0x00000230      0x756 e:/winavr/bin/../lib/gcc/avr/4.3.3/avr5\libgcc.a(_divdi3.o)
 .debug_info    0x00000986      0x781 e:/winavr/bin/../lib/gcc/avr/4.3.3/avr5\libgcc.a(_moddi3.o)
 .debug_info    0x00001107      0x71e e:/winavr/bin/../lib/gcc/avr/4.3.3/avr5\libgcc.a(_udivdi3.o)
 .debug_info    0x00001825      0x757 e:/winavr/bin/../lib/gcc/avr/4.3.3/avr5\libgcc.a(_umoddi3.o)
 .debug_info    0x00001f7c      0x47a e:/winavr/bin/../lib/gcc/avr/4.3.3/avr5\libgcc.a(_addsub_sf.o)
 .debug_info    0x000023f6      0x485 e:/winavr/bin/../lib/gcc/avr/4.3.3/avr5\libgcc.a(_mul_sf.o)
 .debug_info    0x0000287b      0x27f e:/winavr/bin/../lib/gcc/avr/4.3.3/avr5\libgcc.a(_ge_sf.o)
 .debug_info    0x00002afa      0x2b0 e:/winavr/bin/../lib/gcc/avr/4.3.3/avr5\libgcc.a(_sf_to_si.o)
 .debug_info    0x00002daa      0x12c e:/winavr/bin/../lib/gcc/avr/4.3.3/avr5\libgcc.a(_thenan_sf.o)
 .debug_info    0x00002ed6      0x206 e:/winavr/bin/../lib/gcc/avr/4.3.3/avr5\libgcc.a(_usi_to_sf.o)
 .debug_info    0x000030dc       0xa9 e:/winavr/bin/../lib/gcc/avr/4.3.3/avr5\libgcc.a(_clz.o)
 .debug_info    0x00003185      0x117 e:/winavr/bin/../lib/gcc/avr/4.3.3/avr5\libgcc.a(_clzsi2.o)
 .debug_info    0x0000329c      0x2df e:/winavr/bin/../lib/gcc/avr/4.3.3/avr5\libgcc.a(_pack_sf.o)
 .debug_info    0x0000357b      0x251 e:/winavr/bin/../lib/gcc/avr/4.3.3/avr5\libgcc.a(_unpack_sf.o)
 .debug_info    0x000037cc      0x210 e:/winavr/bin/../lib/gcc/avr/4.3.3/avr5\libgcc.a(_fpcmp_parts_sf.o)
 *(.gnu.linkonce.wi.*)

.debug_abbrev   0x00000000     0x15f9
 *(.debug_abbrev)
 .debug_abbrev  0x00000000       0xee e:/winavr/bin/../lib/gcc/avr/4.3.3/avr5\libgcc.a(_ashldi3.o)
 .debug_abbrev  0x000000ee       0x5d e:/winavr/bin/../lib/gcc/avr/4.3.3/avr5\libgcc.a(_fixunssfsi.o)
 .debug_abbrev  0x0000014b      0x19f e:/winavr/bin/../lib/gcc/avr/4.3.3/avr5\libgcc.a(_divdi3.o)
 .debug_abbrev  0x000002ea      0x19f e:/winavr/bin/../lib/gcc/avr/4.3.3/avr5\libgcc.a(_moddi3.o)
 .debug_abbrev  0x00000489      0x181 e:/winavr/bin/../lib/gcc/avr/4.3.3/avr5\libgcc.a(_udivdi3.o)
 .debug_abbrev  0x0000060a      0x190 e:/winavr/bin/../lib/gcc/avr/4.3.3/avr5\libgcc.a(_umoddi3.o)
 .debug_abbrev  0x0000079a      0x1ea e:/winavr/bin/../lib/gcc/avr/4.3.3/avr5\libgcc.a(_addsub_sf.o)
 .debug_abbrev  0x00000984      0x21b e:/winavr/bin/../lib/gcc/avr/4.3.3/avr5\libgcc.a(_mul_sf.o)
 .debug_abbrev  0x00000b9f      0x15a e:/winavr/bin/../lib/gcc/avr/4.3.3/avr5\libgcc.a(_ge_sf.o)
 .debug_abbrev  0x00000cf9      0x17f e:/winavr/bin/../lib/gcc/avr/4.3.3/avr5\libgcc.a(_sf_to_si.o)
 .debug_abbrev  0x00000e78       0xad e:/winavr/bin/../lib/gcc/avr/4.3.3/avr5\libgcc.a(_thenan_sf.o)
 .debug_abbrev  0x00000f25      0x157 e:/winavr/bin/../lib/gcc/avr/4.3.3/avr5\libgcc.a(_usi_to_sf.o)
 .debug_abbrev  0x0000107c       0x6a e:/winavr/bin/../lib/gcc/avr/4.3.3/avr5\libgcc.a(_clz.o)
 .debug_abbrev  0x000010e6       0xc4 e:/winavr/bin/../lib/gcc/avr/4.3.3/avr5\libgcc.a(_clzsi2.o)
 .debug_abbrev  0x000011aa      0x1c0 e:/winavr/bin/../lib/gcc/avr/4.3.3/avr5\libgcc.a(_pack_sf.o)
 .debug_abbrev  0x0000136a      0x154 e:/winavr/bin/../lib/gcc/avr/4.3.3/avr5\libgcc.a(_unpack_sf.o)
 .debug_abbrev  0x000014be      0x13b e:/winavr/bin/../lib/gcc/avr/4.3.3/avr5\libgcc.a(_fpcmp_parts_sf.o)

.debug_line     0x00000000     0x17e2
 *(.debug_line)
 .debug_line    0x00000000       0xd7 e:/winavr/bin/../lib/gcc/avr/4.3.3/avr5\libgcc.a(_ashldi3.o)
 .debug_line    0x000000d7       0xa7 e:/winavr/bin/../lib/gcc/avr/4.3.3/avr5\libgcc.a(_fixunssfsi.o)
 .debug_line    0x0000017e      0x228 e:/winavr/bin/../lib/gcc/avr/4.3.3/avr5\libgcc.a(_divdi3.o)
 .debug_line    0x000003a6      0x280 e:/winavr/bin/../lib/gcc/avr/4.3.3/avr5\libgcc.a(_moddi3.o)
 .debug_line    0x00000626      0x1d8 e:/winavr/bin/../lib/gcc/avr/4.3.3/avr5\libgcc.a(_udivdi3.o)
 .debug_line    0x000007fe      0x230 e:/winavr/bin/../lib/gcc/avr/4.3.3/avr5\libgcc.a(_umoddi3.o)
 .debug_line    0x00000a2e      0x2af e:/winavr/bin/../lib/gcc/avr/4.3.3/avr5\libgcc.a(_addsub_sf.o)
 .debug_line    0x00000cdd      0x239 e:/winavr/bin/../lib/gcc/avr/4.3.3/avr5\libgcc.a(_mul_sf.o)
 .debug_line    0x00000f16       0xd3 e:/winavr/bin/../lib/gcc/avr/4.3.3/avr5\libgcc.a(_ge_sf.o)
 .debug_line    0x00000fe9      0x109 e:/winavr/bin/../lib/gcc/avr/4.3.3/avr5\libgcc.a(_sf_to_si.o)
 .debug_line    0x000010f2       0x90 e:/winavr/bin/../lib/gcc/avr/4.3.3/avr5\libgcc.a(_thenan_sf.o)
 .debug_line    0x00001182      0x133 e:/winavr/bin/../lib/gcc/avr/4.3.3/avr5\libgcc.a(_usi_to_sf.o)
 .debug_line    0x000012b5       0x7c e:/winavr/bin/../lib/gcc/avr/4.3.3/avr5\libgcc.a(_clz.o)
 .debug_line    0x00001331       0xa5 e:/winavr/bin/../lib/gcc/avr/4.3.3/avr5\libgcc.a(_clzsi2.o)
 .debug_line    0x000013d6      0x18a e:/winavr/bin/../lib/gcc/avr/4.3.3/avr5\libgcc.a(_pack_sf.o)
 .debug_line    0x00001560      0x14b e:/winavr/bin/../lib/gcc/avr/4.3.3/avr5\libgcc.a(_unpack_sf.o)
 .debug_line    0x000016ab      0x137 e:/winavr/bin/../lib/gcc/avr/4.3.3/avr5\libgcc.a(_fpcmp_parts_sf.o)

.debug_frame    0x00000000      0x200
 *(.debug_frame)
 .debug_frame   0x00000000       0x20 e:/winavr/bin/../lib/gcc/avr/4.3.3/avr5\libgcc.a(_ashldi3.o)
 .debug_frame   0x00000020       0x20 e:/winavr/bin/../lib/gcc/avr/4.3.3/avr5\libgcc.a(_fixunssfsi.o)
 .debug_frame   0x00000040       0x20 e:/winavr/bin/../lib/gcc/avr/4.3.3/avr5\libgcc.a(_divdi3.o)
 .debug_frame   0x00000060       0x20 e:/winavr/bin/../lib/gcc/avr/4.3.3/avr5\libgcc.a(_moddi3.o)
 .debug_frame   0x00000080       0x20 e:/winavr/bin/../lib/gcc/avr/4.3.3/avr5\libgcc.a(_udivdi3.o)
 .debug_frame   0x000000a0       0x20 e:/winavr/bin/../lib/gcc/avr/4.3.3/avr5\libgcc.a(_umoddi3.o)
 .debug_frame   0x000000c0       0x40 e:/winavr/bin/../lib/gcc/avr/4.3.3/avr5\libgcc.a(_addsub_sf.o)
 .debug_frame   0x00000100       0x20 e:/winavr/bin/../lib/gcc/avr/4.3.3/avr5\libgcc.a(_mul_sf.o)
 .debug_frame   0x00000120       0x20 e:/winavr/bin/../lib/gcc/avr/4.3.3/avr5\libgcc.a(_ge_sf.o)
 .debug_frame   0x00000140       0x20 e:/winavr/bin/../lib/gcc/avr/4.3.3/avr5\libgcc.a(_sf_to_si.o)
 .debug_frame   0x00000160       0x20 e:/winavr/bin/../lib/gcc/avr/4.3.3/avr5\libgcc.a(_usi_to_sf.o)
 .debug_frame   0x00000180       0x20 e:/winavr/bin/../lib/gcc/avr/4.3.3/avr5\libgcc.a(_clzsi2.o)
 .debug_frame   0x000001a0       0x20 e:/winavr/bin/../lib/gcc/avr/4.3.3/avr5\libgcc.a(_pack_sf.o)
 .debug_frame   0x000001c0       0x20 e:/winavr/bin/../lib/gcc/avr/4.3.3/avr5\libgcc.a(_unpack_sf.o)
 .debug_frame   0x000001e0       0x20 e:/winavr/bin/../lib/gcc/avr/4.3.3/avr5\libgcc.a(_fpcmp_parts_sf.o)

.debug_str      0x00000000      0x366
 *(.debug_str)
 .debug_str     0x00000000       0xdf e:/winavr/bin/../lib/gcc/avr/4.3.3/avr5\libgcc.a(_ashldi3.o)
                                0x131 (size before relaxing)
 .debug_str     0x000000df       0x14 e:/winavr/bin/../lib/gcc/avr/4.3.3/avr5\libgcc.a(_fixunssfsi.o)
                                 0xfe (size before relaxing)
 .debug_str     0x000000f3       0x7b e:/winavr/bin/../lib/gcc/avr/4.3.3/avr5\libgcc.a(_divdi3.o)
                                0x189 (size before relaxing)
 .debug_str     0x0000016e        0x9 e:/winavr/bin/../lib/gcc/avr/4.3.3/avr5\libgcc.a(_moddi3.o)
                                0x189 (size before relaxing)
 .debug_str     0x00000177        0xa e:/winavr/bin/../lib/gcc/avr/4.3.3/avr5\libgcc.a(_udivdi3.o)
                                0x18a (size before relaxing)
 .debug_str     0x00000181        0xa e:/winavr/bin/../lib/gcc/avr/4.3.3/avr5\libgcc.a(_umoddi3.o)
                                0x18a (size before relaxing)
 .debug_str     0x0000018b      0x14d e:/winavr/bin/../lib/gcc/avr/4.3.3/avr5\libgcc.a(_addsub_sf.o)
                                0x206 (size before relaxing)
 .debug_str     0x000002d8       0x27 e:/winavr/bin/../lib/gcc/avr/4.3.3/avr5\libgcc.a(_mul_sf.o)
                                0x1bf (size before relaxing)
 .debug_str     0x000002ff        0x8 e:/winavr/bin/../lib/gcc/avr/4.3.3/avr5\libgcc.a(_ge_sf.o)
                                0x195 (size before relaxing)
 .debug_str     0x00000307        0xa e:/winavr/bin/../lib/gcc/avr/4.3.3/avr5\libgcc.a(_sf_to_si.o)
                                0x19e (size before relaxing)
 .debug_str     0x00000000      0x103 e:/winavr/bin/../lib/gcc/avr/4.3.3/avr5\libgcc.a(_thenan_sf.o)
 .debug_str     0x00000311       0x21 e:/winavr/bin/../lib/gcc/avr/4.3.3/avr5\libgcc.a(_usi_to_sf.o)
                                0x177 (size before relaxing)
 .debug_str     0x00000000       0xf4 e:/winavr/bin/../lib/gcc/avr/4.3.3/avr5\libgcc.a(_clz.o)
 .debug_str     0x00000332        0x9 e:/winavr/bin/../lib/gcc/avr/4.3.3/avr5\libgcc.a(_clzsi2.o)
                                0x111 (size before relaxing)
 .debug_str     0x0000033b       0x10 e:/winavr/bin/../lib/gcc/avr/4.3.3/avr5\libgcc.a(_pack_sf.o)
                                0x19d (size before relaxing)
 .debug_str     0x0000034b        0xb e:/winavr/bin/../lib/gcc/avr/4.3.3/avr5\libgcc.a(_unpack_sf.o)
                                0x17f (size before relaxing)
 .debug_str     0x00000356       0x10 e:/winavr/bin/../lib/gcc/avr/4.3.3/avr5\libgcc.a(_fpcmp_parts_sf.o)
                                0x163 (size before relaxing)

.debug_loc      0x00000000     0x3c46
 *(.debug_loc)
 .debug_loc     0x00000000       0xf8 e:/winavr/bin/../lib/gcc/avr/4.3.3/avr5\libgcc.a(_ashldi3.o)
 .debug_loc     0x000000f8       0x34 e:/winavr/bin/../lib/gcc/avr/4.3.3/avr5\libgcc.a(_fixunssfsi.o)
 .debug_loc     0x0000012c      0xe71 e:/winavr/bin/../lib/gcc/avr/4.3.3/avr5\libgcc.a(_divdi3.o)
 .debug_loc     0x00000f9d      0xb81 e:/winavr/bin/../lib/gcc/avr/4.3.3/avr5\libgcc.a(_moddi3.o)
 .debug_loc     0x00001b1e      0xe74 e:/winavr/bin/../lib/gcc/avr/4.3.3/avr5\libgcc.a(_udivdi3.o)
 .debug_loc     0x00002992      0xab2 e:/winavr/bin/../lib/gcc/avr/4.3.3/avr5\libgcc.a(_umoddi3.o)
 .debug_loc     0x00003444      0x32a e:/winavr/bin/../lib/gcc/avr/4.3.3/avr5\libgcc.a(_addsub_sf.o)
 .debug_loc     0x0000376e      0x104 e:/winavr/bin/../lib/gcc/avr/4.3.3/avr5\libgcc.a(_mul_sf.o)
 .debug_loc     0x00003872       0x3c e:/winavr/bin/../lib/gcc/avr/4.3.3/avr5\libgcc.a(_ge_sf.o)
 .debug_loc     0x000038ae       0x7e e:/winavr/bin/../lib/gcc/avr/4.3.3/avr5\libgcc.a(_sf_to_si.o)
 .debug_loc     0x0000392c       0x4c e:/winavr/bin/../lib/gcc/avr/4.3.3/avr5\libgcc.a(_usi_to_sf.o)
 .debug_loc     0x00003978       0x94 e:/winavr/bin/../lib/gcc/avr/4.3.3/avr5\libgcc.a(_clzsi2.o)
 .debug_loc     0x00003a0c      0x13e e:/winavr/bin/../lib/gcc/avr/4.3.3/avr5\libgcc.a(_pack_sf.o)
 .debug_loc     0x00003b4a       0xac e:/winavr/bin/../lib/gcc/avr/4.3.3/avr5\libgcc.a(_unpack_sf.o)
 .debug_loc     0x00003bf6       0x50 e:/winavr/bin/../lib/gcc/avr/4.3.3/avr5\libgcc.a(_fpcmp_parts_sf.o)

.debug_macinfo
 *(.debug_macinfo)
OUTPUT(CONTROL_MCU.elf elf32-avr)
LOAD linker stubs

.debug_ranges   0x00000000       0xb0
 .debug_ranges  0x00000000       0x18 e:/winavr/bin/../lib/gcc/avr/4.3.3/avr5\libgcc.a(_divdi3.o)
 .debug_ranges  0x00000018       0x18 e:/winavr/bin/../lib/gcc/avr/4.3.3/avr5\libgcc.a(_moddi3.o)
 .debug_ranges  0x00000030       0x18 e:/winavr/bin/../lib/gcc/avr/4.3.3/avr5\libgcc.a(_udivdi3.o)
 .debug_ranges  0x00000048       0x18 e:/winavr/bin/../lib/gcc/avr/4.3.3/avr5\libgcc.a(_umoddi3.o)
 .debug_ranges  0x00000060       0x50 e:/winavr/bin/../lib/gcc/avr/4.3.3/avr5\libgcc.a(_mul_sf.o)
